<?xml version="1.0" encoding="UTF-8"?><urlset xmlns="http://www.sitemaps.org/schemas/sitemap/0.9"><url><loc>http://www.website.com/index.html</loc><lastmod>2014-12-01T00:00:00.000Z</lastmod><changefreq>always</changefreq><priority>1.0</priority></url></urlset>