<?xml version="1.0" encoding="UTF-8"?><urlset xmlns="http://www.sitemaps.org/schemas/sitemap/0.9"><url><loc>http://www.website.com/index.html</loc><lastmod>1995-12-17T00:00:00.000Z</lastmod></url></urlset>