<?xml version="1.0" encoding="UTF-8"?><urlset xmlns="http://www.sitemaps.org/schemas/sitemap/0.9"><url><loc>https://www.example.com/canonical-test</loc><lastmod>2014-12-01T00:00:00.000Z</lastmod><changefreq>always</changefreq><priority>0.6</priority></url></urlset>