<?xml version="1.0" encoding="UTF-8"?><urlset xmlns="http://www.sitemaps.org/schemas/sitemap/0.9"><url><loc>http://www.website.com/index.html</loc><xhtml:link rel="alternate" hreflang="en" href="http://www.website.com/"/><xhtml:link rel="alternate" hreflang="fr" href="http://www.website.com/fr/"/></url></urlset>