<html><head><title>Untitled</title><meta name="description" content="Hello"><meta name="robots" content="index,follow"><meta name="viewport" content="width=device-width, initial-scale=1.0"><meta property="og:title" content="Untitled"><meta property="og:type" content="website"><meta property="og:url" content="http:/www.website.com/index"><meta property="og:description" content="Hello"><meta property="og:locale" content="en_US"><meta name="twitter:card" content="summary"><meta name="twitter:title" content="Untitled"><meta name="twitter:description" content="Hello"><link rel="canonical" href="http:/www.website.com/index"><script type="application/ld+json">
{
  "@context": "https://schema.org",
  "@graph": [
    {
      "@type": "WebPage",
      "name": "Untitled",
      "url": "http:/www.website.com/index",
      "description": "Hello"
    },
    {
      "@type": "BreadcrumbList",
      "itemListElement": [
        {
          "@type": "ListItem",
          "position": 1,
          "name": "Home",
          "item": "http://www.website.com/"
        },
        {
          "@type": "ListItem",
          "position": 2,
          "name": "Index",
          "item": "http://www.website.com//index"
        }
      ]
    }
  ]
}
</script></head><body>Hello
</body></html>