User-agent: *
Disallow:

Sitemap: http://www.website.com/sitemap.xml
