User-agent: *
Disallow:

Sitemap: http://www.website.com/mapsite.xml
